// Jest Snapshot v1, https://goo.gl/fbAQLP

exports[`Scoreboard renders overtime period when it has scoring 1`] = `
<DocumentFragment>
  <table
    class="w-full text-sm"
  >
    <thead>
      <tr
        class="border"
      >
        <th
          class="w-3/12 bg-slate-200 dark:bg-slate-800 p-2"
        />
        <th
          class="w-1/12 text-center bg-slate-200 dark:bg-slate-800 p-2"
        >
          1
        </th>
        <th
          class="w-1/12 text-center bg-slate-200 dark:bg-slate-800 p-2"
        >
          2
        </th>
        <th
          class="w-1/12 text-center bg-slate-200 dark:bg-slate-800 p-2"
        >
          3
        </th>
        <th
          class="w-1/12 text-center bg-slate-200 dark:bg-slate-800 p-2"
        >
          4
        </th>
        <th
          class="w-1/12 text-center bg-slate-200 dark:bg-slate-800 p-2"
        >
          T
        </th>
      </tr>
    </thead>
    <tbody>
      <tr>
        <td
          class="p-2 text-center border"
        >
          <div
            class="flex flex-wrap items-center gap-1"
          >
            <div
              data-testid="logo-AWY"
            />
            <div
              class="font-bold"
            >
              AWY
            </div>
          </div>
        </td>
        <td
          class="text-center border p-2"
        >
          1
        </td>
        <td
          class="text-center border p-2"
        >
          0
        </td>
        <td
          class="text-center border p-2"
        >
          1
        </td>
        <td
          class="text-center border p-2"
        >
          1
        </td>
        <td
          class="text-center border p-2 font-bold"
        >
          3
        </td>
      </tr>
      <tr>
        <td
          class="p-2 text-center border"
        >
          <div
            class="flex flex-wrap items-center gap-1"
          >
            <div
              data-testid="logo-HOM"
            />
            <div
              class="font-bold"
            >
              HOM
            </div>
          </div>
        </td>
        <td
          class="text-center border"
        >
          0
        </td>
        <td
          class="text-center border"
        >
          1
        </td>
        <td
          class="text-center border"
        >
          1
        </td>
        <td
          class="text-center border"
        >
          0
        </td>
        <td
          class="text-center border p-2 font-bold"
        >
          2
        </td>
      </tr>
    </tbody>
  </table>
</DocumentFragment>
`;

exports[`Scoreboard renders periods skipping empty overtime periods 1`] = `
<DocumentFragment>
  <table
    class="w-full text-sm"
  >
    <thead>
      <tr
        class="border"
      >
        <th
          class="w-3/12 bg-slate-200 dark:bg-slate-800 p-2"
        />
        <th
          class="w-1/12 text-center bg-slate-200 dark:bg-slate-800 p-2"
        >
          1
        </th>
        <th
          class="w-1/12 text-center bg-slate-200 dark:bg-slate-800 p-2"
        >
          2
        </th>
        <th
          class="w-1/12 text-center bg-slate-200 dark:bg-slate-800 p-2"
        >
          3
        </th>
        <th
          class="w-1/12 text-center bg-slate-200 dark:bg-slate-800 p-2"
        >
          T
        </th>
      </tr>
    </thead>
    <tbody>
      <tr>
        <td
          class="p-2 text-center border"
        >
          <div
            class="flex flex-wrap items-center gap-1"
          >
            <div
              data-testid="logo-AWY"
            />
            <div
              class="font-bold"
            >
              AWY
            </div>
          </div>
        </td>
        <td
          class="text-center border p-2"
        >
          1
        </td>
        <td
          class="text-center border p-2"
        >
          0
        </td>
        <td
          class="text-center border p-2"
        >
          1
        </td>
        <td
          class="text-center border p-2 font-bold"
        >
          2
        </td>
      </tr>
      <tr>
        <td
          class="p-2 text-center border"
        >
          <div
            class="flex flex-wrap items-center gap-1"
          >
            <div
              data-testid="logo-HOM"
            />
            <div
              class="font-bold"
            >
              HOM
            </div>
          </div>
        </td>
        <td
          class="text-center border"
        >
          0
        </td>
        <td
          class="text-center border"
        >
          1
        </td>
        <td
          class="text-center border"
        >
          1
        </td>
        <td
          class="text-center border p-2 font-bold"
        >
          3
        </td>
      </tr>
    </tbody>
  </table>
</DocumentFragment>
`;
